
========================================================================
STAGE: build_macro_roads
COMMAND: C:\Users\giu20\miniconda3\envs\routly\python.exe C:\Projects\routly-planner\scripts\pipeline\build_macro_roads.py --project-config data/Bologna_Emilia-Romagna_Italy/nodes_1000_distance_2000/scalability_v2_campaign_20260720_223223_847962_run_091/config/project.yaml
========================================================================
Fuel stations fixed before macro-road abstraction: 150 -> data\Bologna_Emilia-Romagna_Italy\nodes_1000_distance_2000\scalability_v2_campaign_20260720_223223_847962_run_091\runs\basic\artifacts\fuel_stations.json
Macro-road abstraction completed.
  Roads: 1850 -> 1808 (ratio=0.9773)
  Nodes: 1000 -> 983 (ratio=0.983)
  Mapping:   data\Bologna_Emilia-Romagna_Italy\nodes_1000_distance_2000\scalability_v2_campaign_20260720_223223_847962_run_091\map\roads_mapping_macro.json
  Report:    data\Bologna_Emilia-Romagna_Italy\nodes_1000_distance_2000\scalability_v2_campaign_20260720_223223_847962_run_091\map\macro_roads_report.json
  Base graph:  data\Bologna_Emilia-Romagna_Italy\nodes_1000_distance_2000\scalability_v2_campaign_20260720_223223_847962_run_091\map\road_network_graph_base.png
  Macro graph: data\Bologna_Emilia-Romagna_Italy\nodes_1000_distance_2000\scalability_v2_campaign_20260720_223223_847962_run_091\map\road_network_graph_macro.png
  Image:     data\Bologna_Emilia-Romagna_Italy\nodes_1000_distance_2000\scalability_v2_campaign_20260720_223223_847962_run_091\map\macro_roads_comparison.png

========================================================================
STAGE: build_domain_and_problem
COMMAND: C:\Users\giu20\miniconda3\envs\routly\python.exe C:\Projects\routly-planner\scripts\pipeline\03_build_domain_and_problem.py --project-config data/Bologna_Emilia-Romagna_Italy/nodes_1000_distance_2000/scalability_v2_campaign_20260720_223223_847962_run_091/config/project.yaml
========================================================================
Building PDDL domain and problem from scenario and mapping
Generated 200 shared background routes: data\Bologna_Emilia-Romagna_Italy\nodes_1000_distance_2000\scalability_v2_campaign_20260720_223223_847962_run_091\runs\basic\artifacts\background_routes.json
Generated 15 traffic-light programs: data\Bologna_Emilia-Romagna_Italy\nodes_1000_distance_2000\scalability_v2_campaign_20260720_223223_847962_run_091\runs\basic\artifacts\traffic_light_timings.json
Fuel: 150 stations, tank=22.208 L, start=17.766 L, rate=0.007885637800226624 L/m

PDDL DOMAIN DEFERRED TO CONTROLLER: the active replanning controller will write the canonical domain.pddl used for its planning run.
Computed congestion factors for 1808 roads from 200 generated background routes.

PDDL PROBLEM CREATED:
  Vehicle: car1
  Start:   loc_0994
  Goal:    loc_0079
  Problem: data\Bologna_Emilia-Romagna_Italy\nodes_1000_distance_2000\scalability_v2_campaign_20260720_223223_847962_run_091\runs\basic\pddl\problem.pddl

========================================================================
STAGE: generate_plan
COMMAND: C:\Users\giu20\miniconda3\envs\routly\python.exe C:\Projects\routly-planner\scripts\pipeline\04_generate_plan.py --project-config data/Bologna_Emilia-Romagna_Italy/nodes_1000_distance_2000/scalability_v2_campaign_20260720_223223_847962_run_091/config/project.yaml
========================================================================
Cached congestion factors for 1808 roads from 200 background routes (computed once, reused for all legs).
Using overridden congestion factors for 1808 roads.
Running ENHSP
Plan saved: data\Bologna_Emilia-Romagna_Italy\nodes_1000_distance_2000\scalability_v2_campaign_20260720_223223_847962_run_091\runs\basic\plans\plan_fuel_base_leg_00.txt
Elapsed time: 2032.481s
Using overridden congestion factors for 1808 roads.
Running ENHSP
Plan saved: data\Bologna_Emilia-Romagna_Italy\nodes_1000_distance_2000\scalability_v2_campaign_20260720_223223_847962_run_091\runs\basic\plans\plan_fuel_base_leg_01.txt
Elapsed time: 2051.693s
   Controller: leg 1 to loc_0563 needs 22.660 L over 2874 m but only 22.208 L available; picking a closer target.
Using overridden congestion factors for 1808 roads.
Running ENHSP
Plan saved: data\Bologna_Emilia-Romagna_Italy\nodes_1000_distance_2000\scalability_v2_campaign_20260720_223223_847962_run_091\runs\basic\plans\plan_fuel_base_leg_01.txt
Elapsed time: 2047.096s
   Controller: leg 1 to loc_0417 needs 24.332 L over 3086 m but only 22.208 L available; picking a closer target.
Using overridden congestion factors for 1808 roads.
Running ENHSP
Plan saved: data\Bologna_Emilia-Romagna_Italy\nodes_1000_distance_2000\scalability_v2_campaign_20260720_223223_847962_run_091\runs\basic\plans\plan_fuel_base_leg_01.txt
Elapsed time: 1968.583s
   Controller: leg 1 to loc_0663 needs 23.884 L over 3029 m but only 22.208 L available; picking a closer target.
Using overridden congestion factors for 1808 roads.
Running ENHSP
