
========================================================================
STAGE: build_macro_roads
COMMAND: C:\Users\giu20\miniconda3\envs\routly\python.exe C:\Projects\routly-planner\scripts\pipeline\build_macro_roads.py --project-config data/Bologna_Emilia-Romagna_Italy/nodes_500_distance_2000/scalability_v2_campaign_20260720_223223_847962_run_062/config/project.yaml
========================================================================
Macro-road abstraction completed.
  Roads: 862 -> 831 (ratio=0.964)
  Nodes: 500 -> 484 (ratio=0.968)
  Mapping:   data\Bologna_Emilia-Romagna_Italy\nodes_500_distance_2000\scalability_v2_campaign_20260720_223223_847962_run_062\map\roads_mapping_macro.json
  Report:    data\Bologna_Emilia-Romagna_Italy\nodes_500_distance_2000\scalability_v2_campaign_20260720_223223_847962_run_062\map\macro_roads_report.json
  Base graph:  data\Bologna_Emilia-Romagna_Italy\nodes_500_distance_2000\scalability_v2_campaign_20260720_223223_847962_run_062\map\road_network_graph_base.png
  Macro graph: data\Bologna_Emilia-Romagna_Italy\nodes_500_distance_2000\scalability_v2_campaign_20260720_223223_847962_run_062\map\road_network_graph_macro.png
  Image:     data\Bologna_Emilia-Romagna_Italy\nodes_500_distance_2000\scalability_v2_campaign_20260720_223223_847962_run_062\map\macro_roads_comparison.png

========================================================================
STAGE: build_domain_and_problem
COMMAND: C:\Users\giu20\miniconda3\envs\routly\python.exe C:\Projects\routly-planner\scripts\pipeline\03_build_domain_and_problem.py --project-config data/Bologna_Emilia-Romagna_Italy/nodes_500_distance_2000/scalability_v2_campaign_20260720_223223_847962_run_062/config/project.yaml
========================================================================
Building PDDL domain and problem from scenario and mapping
Generated 200 shared background routes: data\Bologna_Emilia-Romagna_Italy\nodes_500_distance_2000\scalability_v2_campaign_20260720_223223_847962_run_062\runs\basic\artifacts\background_routes.json
Generated 7 traffic-light programs: data\Bologna_Emilia-Romagna_Italy\nodes_500_distance_2000\scalability_v2_campaign_20260720_223223_847962_run_062\runs\basic\artifacts\traffic_light_timings.json

PDDL DOMAIN DEFERRED TO CONTROLLER: the active replanning controller will write the canonical domain.pddl used for its planning run.
Computed congestion factors for 831 roads from 200 generated background routes.

PDDL PROBLEM CREATED:
  Vehicle: car1
  Start:   loc_0327
  Goal:    loc_0416
  Problem: data\Bologna_Emilia-Romagna_Italy\nodes_500_distance_2000\scalability_v2_campaign_20260720_223223_847962_run_062\runs\basic\pddl\problem.pddl

========================================================================
STAGE: generate_plan
COMMAND: C:\Users\giu20\miniconda3\envs\routly\python.exe C:\Projects\routly-planner\scripts\pipeline\04_generate_plan.py --project-config data/Bologna_Emilia-Romagna_Italy/nodes_500_distance_2000/scalability_v2_campaign_20260720_223223_847962_run_062/config/project.yaml
========================================================================
Computed dynamic congestion profile for 831 roads from 200 background routes (computed once, reused for every window).
Using overridden congestion factors for 831 roads.
Running ENHSP
Plan saved: data\Bologna_Emilia-Romagna_Italy\nodes_500_distance_2000\scalability_v2_campaign_20260720_223223_847962_run_062\runs\basic\plans\plan_congestion_base_window_000.txt
Elapsed time: 222.293s
Using overridden congestion factors for 831 roads.
Running ENHSP
Plan saved: data\Bologna_Emilia-Romagna_Italy\nodes_500_distance_2000\scalability_v2_campaign_20260720_223223_847962_run_062\runs\basic\plans\plan_congestion_base_window_001.txt
Elapsed time: 215.663s
Using overridden congestion factors for 831 roads.
Running ENHSP
Plan saved: data\Bologna_Emilia-Romagna_Italy\nodes_500_distance_2000\scalability_v2_campaign_20260720_223223_847962_run_062\runs\basic\plans\plan_congestion_base_window_002.txt
Elapsed time: 216.133s
Using overridden congestion factors for 831 roads.
Running ENHSP
Plan saved: data\Bologna_Emilia-Romagna_Italy\nodes_500_distance_2000\scalability_v2_campaign_20260720_223223_847962_run_062\runs\basic\plans\plan_congestion_base_window_003.txt
Elapsed time: 214.371s
  Window 4: congestion unchanged along the remaining route -> reusing the previous solve, skipping ENHSP.
Using overridden congestion factors for 831 roads.
Running ENHSP
Plan saved: data\Bologna_Emilia-Romagna_Italy\nodes_500_distance_2000\scalability_v2_campaign_20260720_223223_847962_run_062\runs\basic\plans\plan_congestion_base_window_005.txt
Elapsed time: 213.308s
Using overridden congestion factors for 831 roads.
Running ENHSP
Plan saved: data\Bologna_Emilia-Romagna_Italy\nodes_500_distance_2000\scalability_v2_campaign_20260720_223223_847962_run_062\runs\basic\plans\plan_congestion_base_window_006.txt
Elapsed time: 217.806s
Using overridden congestion factors for 831 roads.
Running ENHSP
Plan saved: data\Bologna_Emilia-Romagna_Italy\nodes_500_distance_2000\scalability_v2_campaign_20260720_223223_847962_run_062\runs\basic\plans\plan_congestion_base_window_007.txt
Elapsed time: 216.831s
Using overridden congestion factors for 831 roads.
Running ENHSP
Plan saved: data\Bologna_Emilia-Romagna_Italy\nodes_500_distance_2000\scalability_v2_campaign_20260720_223223_847962_run_062\runs\basic\plans\plan_congestion_base_window_008.txt
Elapsed time: 218.459s
Using overridden congestion factors for 831 roads.
Running ENHSP
Plan saved: data\Bologna_Emilia-Romagna_Italy\nodes_500_distance_2000\scalability_v2_campaign_20260720_223223_847962_run_062\runs\basic\plans\plan_congestion_base_window_009.txt
Elapsed time: 194.783s
Using overridden congestion factors for 831 roads.
Running ENHSP
Plan saved: data\Bologna_Emilia-Romagna_Italy\nodes_500_distance_2000\scalability_v2_campaign_20260720_223223_847962_run_062\runs\basic\plans\plan_congestion_base_window_010.txt
Elapsed time: 175.675s
  Window 11: congestion unchanged along the remaining route -> reusing the previous solve, skipping ENHSP.
Using overridden congestion factors for 831 roads.
Running ENHSP
Plan saved: data\Bologna_Emilia-Romagna_Italy\nodes_500_distance_2000\scalability_v2_campaign_20260720_223223_847962_run_062\runs\basic\plans\plan_congestion_base_window_012.txt
Elapsed time: 220.925s
Using overridden congestion factors for 831 roads.
Running ENHSP
Plan saved: data\Bologna_Emilia-Romagna_Italy\nodes_500_distance_2000\scalability_v2_campaign_20260720_223223_847962_run_062\runs\basic\plans\plan_congestion_base_window_013.txt
Elapsed time: 211.740s
Using overridden congestion factors for 831 roads.
Running ENHSP
Plan saved: data\Bologna_Emilia-Romagna_Italy\nodes_500_distance_2000\scalability_v2_campaign_20260720_223223_847962_run_062\runs\basic\plans\plan_congestion_base_window_014.txt
Elapsed time: 189.211s
  Window 15: congestion unchanged along the remaining route -> reusing the previous solve, skipping ENHSP.
Using overridden congestion factors for 831 roads.
Running ENHSP
Plan saved: data\Bologna_Emilia-Romagna_Italy\nodes_500_distance_2000\scalability_v2_campaign_20260720_223223_847962_run_062\runs\basic\plans\plan_congestion_base_window_016.txt
Elapsed time: 156.653s
Using overridden congestion factors for 831 roads.
Running ENHSP
Plan saved: data\Bologna_Emilia-Romagna_Italy\nodes_500_distance_2000\scalability_v2_campaign_20260720_223223_847962_run_062\runs\basic\plans\plan_congestion_base_window_017.txt
Elapsed time: 202.286s
Using overridden congestion factors for 831 roads.
Running ENHSP
Plan saved: data\Bologna_Emilia-Romagna_Italy\nodes_500_distance_2000\scalability_v2_campaign_20260720_223223_847962_run_062\runs\basic\plans\plan_congestion_base_window_018.txt
Elapsed time: 229.493s
  Window 19: congestion unchanged along the remaining route -> reusing the previous solve, skipping ENHSP.
  Window 20: congestion unchanged along the remaining route -> reusing the previous solve, skipping ENHSP.
  Window 21: congestion unchanged along the remaining route -> reusing the previous solve, skipping ENHSP.
  Window 22: congestion unchanged along the remaining route -> reusing the previous solve, skipping ENHSP.
Roads in controller plan (base): 61
  Reached loc_0416 in 23 window(s); elapsed 643 s.
  Legs/windows image: data\Bologna_Emilia-Romagna_Italy\nodes_500_distance_2000\scalability_v2_campaign_20260720_223223_847962_run_062\runs\basic\images\road_network_plan_legs.png

OUTPUT FILES (congestion controller):
  Plan:       data\Bologna_Emilia-Romagna_Italy\nodes_500_distance_2000\scalability_v2_campaign_20260720_223223_847962_run_062\runs\basic\plans\plan.txt
  Plan image: data\Bologna_Emilia-Romagna_Italy\nodes_500_distance_2000\scalability_v2_campaign_20260720_223223_847962_run_062\runs\basic\images\road_network_plan.png
